// Jest Snapshot v1, https://goo.gl/fbAQLP

exports[`getQRCodeSVG 1`] = `
"<svg xmlns=\\"http://www.w3.org/2000/svg\\" viewBox=\\"0 0 49 49\\" shape-rendering=\\"crispEdges\\"><path fill=\\"#ffffff\\" d=\\"M0 0h49v49H0z\\"/><path stroke=\\"#000000\\" d=\\"M4 4.5h7m1 0h1m1 0h1m3 0h3m3 0h3m1 0h3m2 0h1m2 0h1m1 0h7M4 5.5h1m5 0h1m2 0h3m1 0h2m1 0h1m1 0h1m1 0h4m1 0h2m2 0h1m4 0h1m5 0h1M4 6.5h1m1 0h3m1 0h1m2 0h3m1 0h1m1 0h5m2 0h1m1 0h1m1 0h1m4 0h1m2 0h1m1 0h3m1 0h1M4 7.5h1m1 0h3m1 0h1m1 0h2m1 0h1m3 0h3m1 0h3m1 0h2m2 0h1m1 0h3m2 0h1m1 0h3m1 0h1M4 8.5h1m1 0h3m1 0h1m1 0h1m1 0h1m12 0h1m1 0h1m1 0h4m1 0h1m1 0h1m1 0h3m1 0h1M4 9.5h1m5 0h1m1 0h1m1 0h3m3 0h1m2 0h1m2 0h1m2 0h2m1 0h2m1 0h1m2 0h1m5 0h1M4 10.5h7m1 0h1m1 0h1m1 0h1m1 0h1m1 0h1m1 0h1m1 0h1m1 0h1m1 0h1m1 0h1m1 0h1m1 0h1m1 0h1m1 0h7M12 11.5h1m3 0h1m1 0h6m1 0h4m4 0h2m1 0h1M4 12.5h1m3 0h1m1 0h3m2 0h2m1 0h2m1 0h1m1 0h1m2 0h1m3 0h12m2 0h1M5 13.5h1m1 0h3m1 0h2m2 0h2m1 0h4m5 0h1m1 0h6m1 0h1m1 0h2m3 0h2M5 14.5h8m1 0h1m1 0h2m3 0h2m2 0h1m1 0h3m1 0h2m1 0h1m2 0h8M5 15.5h2m6 0h6m3 0h2m1 0h2m3 0h2m1 0h1m1 0h1m1 0h5m1 0h1M4 16.5h1m1 0h2m1 0h4m1 0h2m4 0h3m1 0h2m7 0h1m2 0h1m1 0h1m5 0h1M7 17.5h3m2 0h1m2 0h2m2 0h2m1 0h2m2 0h1m1 0h1m1 0h1m1 0h1m1 0h9M4 18.5h1m2 0h1m1 0h5m1 0h2m2 0h2m2 0h1m2 0h3m3 0h3m3 0h1m5 0h1M4 19.5h1m3 0h2m5 0h2m1 0h2m3 0h3m1 0h1m1 0h2m3 0h1m3 0h2m1 0h1m1 0h2M4 20.5h1m2 0h1m2 0h1m1 0h5m1 0h5m2 0h1m2 0h4m1 0h1m1 0h1m1 0h1m1 0h1m1 0h1m1 0h2M4 21.5h1m1 0h1m2 0h1m1 0h2m1 0h1m1 0h1m3 0h2m2 0h1m1 0h1m1 0h1m1 0h2m4 0h5m1 0h1M5 22.5h1m2 0h4m2 0h7m1 0h6m1 0h2m1 0h2m1 0h1m5 0h2m1 0h1M7 23.5h2m2 0h1m2 0h3m1 0h1m6 0h1m3 0h1m2 0h3m3 0h2m3 0h1M4 24.5h1m1 0h6m5 0h1m1 0h1m7 0h3m2 0h1m1 0h4M4 25.5h1m1 0h1m1 0h2m1 0h2m2 0h3m4 0h3m1 0h2m2 0h2m1 0h1m3 0h2m1 0h3m1 0h1M4 26.5h5m1 0h2m1 0h2m1 0h1m1 0h2m4 0h4m1 0h3m2 0h1m4 0h2m1 0h1m1 0h1M4 27.5h1m1 0h1m5 0h1m1 0h1m1 0h8m1 0h1m4 0h2m1 0h2m1 0h1m1 0h3m1 0h1M4 28.5h4m1 0h3m1 0h5m3 0h1m1 0h1m1 0h2m2 0h1m1 0h3m3 0h1m1 0h2m2 0h2M6 29.5h2m1 0h1m1 0h1m3 0h2m1 0h1m1 0h3m1 0h4m1 0h1m1 0h2m3 0h1m1 0h1m3 0h1m1 0h1M5 30.5h2m2 0h2m2 0h5m1 0h1m1 0h1m3 0h1m1 0h2m1 0h2m5 0h1m1 0h1m3 0h1M4 31.5h1m1 0h1m1 0h1m3 0h1m5 0h5m2 0h1m1 0h2m1 0h1m2 0h2m2 0h5m1 0h1M8 32.5h1m1 0h2m1 0h1m3 0h2m1 0h4m1 0h1m2 0h1m2 0h3m2 0h1m6 0h2M4 33.5h2m5 0h1m1 0h4m1 0h4m1 0h2m5 0h1m2 0h8m1 0h3M8 34.5h1m1 0h1m1 0h1m1 0h1m3 0h2m1 0h1m2 0h2m3 0h1m1 0h1m1 0h1m4 0h2m1 0h1m1 0h2M8 35.5h1m2 0h3m2 0h3m2 0h2m3 0h1m1 0h1m1 0h3m1 0h1m2 0h5m1 0h1M4 36.5h3m3 0h3m1 0h2m3 0h2m1 0h2m1 0h1m1 0h2m3 0h2m2 0h5m3 0h1M12 37.5h5m7 0h7m2 0h1m1 0h2m3 0h2m1 0h2M4 38.5h7m1 0h1m2 0h1m1 0h5m1 0h2m2 0h2m3 0h1m1 0h1m1 0h1m1 0h1m1 0h2m2 0h1M4 39.5h1m5 0h1m2 0h2m1 0h1m2 0h1m1 0h2m3 0h1m3 0h3m3 0h1m3 0h1m3 0h1M4 40.5h1m1 0h3m1 0h1m1 0h1m2 0h1m2 0h1m1 0h1m1 0h1m1 0h1m1 0h2m1 0h2m5 0h5m2 0h1M4 41.5h1m1 0h3m1 0h1m2 0h1m2 0h2m1 0h1m3 0h2m2 0h1m1 0h1m1 0h2m1 0h2m1 0h1m3 0h1m2 0h1M4 42.5h1m1 0h3m1 0h1m3 0h2m1 0h3m1 0h2m1 0h5m1 0h2m1 0h2m1 0h2m3 0h1m1 0h2M4 43.5h1m5 0h1m4 0h3m1 0h1m2 0h1m2 0h2m6 0h1m2 0h4m2 0h3M4 44.5h7m1 0h7m1 0h2m1 0h1m1 0h2m1 0h1m2 0h1m1 0h1m2 0h1m3 0h1m2 0h1\\"/></svg>
"
`;

exports[`getQRCodeURI 1`] = `"data:image/svg+xml,%3Csvg%20xmlns%3D%22http%3A%2F%2Fwww.w3.org%2F2000%2Fsvg%22%20viewBox%3D%220%200%2049%2049%22%20shape-rendering%3D%22crispEdges%22%3E%3Cpath%20fill%3D%22%23ffffff%22%20d%3D%22M0%200h49v49H0z%22%2F%3E%3Cpath%20stroke%3D%22%23000000%22%20d%3D%22M4%204.5h7m1%200h1m1%200h1m3%200h3m3%200h3m1%200h3m2%200h1m2%200h1m1%200h7M4%205.5h1m5%200h1m2%200h3m1%200h2m1%200h1m1%200h1m1%200h4m1%200h2m2%200h1m4%200h1m5%200h1M4%206.5h1m1%200h3m1%200h1m2%200h3m1%200h1m1%200h5m2%200h1m1%200h1m1%200h1m4%200h1m2%200h1m1%200h3m1%200h1M4%207.5h1m1%200h3m1%200h1m1%200h2m1%200h1m3%200h3m1%200h3m1%200h2m2%200h1m1%200h3m2%200h1m1%200h3m1%200h1M4%208.5h1m1%200h3m1%200h1m1%200h1m1%200h1m12%200h1m1%200h1m1%200h4m1%200h1m1%200h1m1%200h3m1%200h1M4%209.5h1m5%200h1m1%200h1m1%200h3m3%200h1m2%200h1m2%200h1m2%200h2m1%200h2m1%200h1m2%200h1m5%200h1M4%2010.5h7m1%200h1m1%200h1m1%200h1m1%200h1m1%200h1m1%200h1m1%200h1m1%200h1m1%200h1m1%200h1m1%200h1m1%200h1m1%200h1m1%200h7M12%2011.5h1m3%200h1m1%200h6m1%200h4m4%200h2m1%200h1M4%2012.5h1m3%200h1m1%200h3m2%200h2m1%200h2m1%200h1m1%200h1m2%200h1m3%200h12m2%200h1M5%2013.5h1m1%200h3m1%200h2m2%200h2m1%200h4m5%200h1m1%200h6m1%200h1m1%200h2m3%200h2M5%2014.5h8m1%200h1m1%200h2m3%200h2m2%200h1m1%200h3m1%200h2m1%200h1m2%200h8M5%2015.5h2m6%200h6m3%200h2m1%200h2m3%200h2m1%200h1m1%200h1m1%200h5m1%200h1M4%2016.5h1m1%200h2m1%200h4m1%200h2m4%200h3m1%200h2m7%200h1m2%200h1m1%200h1m5%200h1M7%2017.5h3m2%200h1m2%200h2m2%200h2m1%200h2m2%200h1m1%200h1m1%200h1m1%200h1m1%200h9M4%2018.5h1m2%200h1m1%200h5m1%200h2m2%200h2m2%200h1m2%200h3m3%200h3m3%200h1m5%200h1M4%2019.5h1m3%200h2m5%200h2m1%200h2m3%200h3m1%200h1m1%200h2m3%200h1m3%200h2m1%200h1m1%200h2M4%2020.5h1m2%200h1m2%200h1m1%200h5m1%200h5m2%200h1m2%200h4m1%200h1m1%200h1m1%200h1m1%200h1m1%200h1m1%200h2M4%2021.5h1m1%200h1m2%200h1m1%200h2m1%200h1m1%200h1m3%200h2m2%200h1m1%200h1m1%200h1m1%200h2m4%200h5m1%200h1M5%2022.5h1m2%200h4m2%200h7m1%200h6m1%200h2m1%200h2m1%200h1m5%200h2m1%200h1M7%2023.5h2m2%200h1m2%200h3m1%200h1m6%200h1m3%200h1m2%200h3m3%200h2m3%200h1M4%2024.5h1m1%200h6m5%200h1m1%200h1m7%200h3m2%200h1m1%200h4M4%2025.5h1m1%200h1m1%200h2m1%200h2m2%200h3m4%200h3m1%200h2m2%200h2m1%200h1m3%200h2m1%200h3m1%200h1M4%2026.5h5m1%200h2m1%200h2m1%200h1m1%200h2m4%200h4m1%200h3m2%200h1m4%200h2m1%200h1m1%200h1M4%2027.5h1m1%200h1m5%200h1m1%200h1m1%200h8m1%200h1m4%200h2m1%200h2m1%200h1m1%200h3m1%200h1M4%2028.5h4m1%200h3m1%200h5m3%200h1m1%200h1m1%200h2m2%200h1m1%200h3m3%200h1m1%200h2m2%200h2M6%2029.5h2m1%200h1m1%200h1m3%200h2m1%200h1m1%200h3m1%200h4m1%200h1m1%200h2m3%200h1m1%200h1m3%200h1m1%200h1M5%2030.5h2m2%200h2m2%200h5m1%200h1m1%200h1m3%200h1m1%200h2m1%200h2m5%200h1m1%200h1m3%200h1M4%2031.5h1m1%200h1m1%200h1m3%200h1m5%200h5m2%200h1m1%200h2m1%200h1m2%200h2m2%200h5m1%200h1M8%2032.5h1m1%200h2m1%200h1m3%200h2m1%200h4m1%200h1m2%200h1m2%200h3m2%200h1m6%200h2M4%2033.5h2m5%200h1m1%200h4m1%200h4m1%200h2m5%200h1m2%200h8m1%200h3M8%2034.5h1m1%200h1m1%200h1m1%200h1m3%200h2m1%200h1m2%200h2m3%200h1m1%200h1m1%200h1m4%200h2m1%200h1m1%200h2M8%2035.5h1m2%200h3m2%200h3m2%200h2m3%200h1m1%200h1m1%200h3m1%200h1m2%200h5m1%200h1M4%2036.5h3m3%200h3m1%200h2m3%200h2m1%200h2m1%200h1m1%200h2m3%200h2m2%200h5m3%200h1M12%2037.5h5m7%200h7m2%200h1m1%200h2m3%200h2m1%200h2M4%2038.5h7m1%200h1m2%200h1m1%200h5m1%200h2m2%200h2m3%200h1m1%200h1m1%200h1m1%200h1m1%200h2m2%200h1M4%2039.5h1m5%200h1m2%200h2m1%200h1m2%200h1m1%200h2m3%200h1m3%200h3m3%200h1m3%200h1m3%200h1M4%2040.5h1m1%200h3m1%200h1m1%200h1m2%200h1m2%200h1m1%200h1m1%200h1m1%200h1m1%200h2m1%200h2m5%200h5m2%200h1M4%2041.5h1m1%200h3m1%200h1m2%200h1m2%200h2m1%200h1m3%200h2m2%200h1m1%200h1m1%200h2m1%200h2m1%200h1m3%200h1m2%200h1M4%2042.5h1m1%200h3m1%200h1m3%200h2m1%200h3m1%200h2m1%200h5m1%200h2m1%200h2m1%200h2m3%200h1m1%200h2M4%2043.5h1m5%200h1m4%200h3m1%200h1m2%200h1m2%200h2m6%200h1m2%200h4m2%200h3M4%2044.5h7m1%200h7m1%200h2m1%200h1m1%200h2m1%200h1m2%200h1m1%200h1m2%200h1m3%200h1m2%200h1%22%2F%3E%3C%2Fsvg%3E%0A"`;
